// Jest Snapshot v1, https://goo.gl/fbAQLP

exports[`Header Component matches snapshot 1`] = `
<div
  className="Header"
>
  <div
    className="Header-left"
  >
    <Route
      path="/b"
      render={[Function]}
    />
    <ButtonIcon
      icon="trello"
      label="Boards"
      onClick={[Function]}
    />
    <Connect(Search) />
  </div>
  <div
    className="Header-title"
  >
    <Link
      replace={false}
      to="/"
    >
      <Icon
        as="i"
        name="trello"
        size="large"
      />
      <h2>
        Trello
      </h2>
    </Link>
  </div>
  <div
    className="Header-right"
  >
    <ButtonIcon
      icon="plus"
      onClick={[Function]}
    />
    <ButtonIcon
      icon="bell"
      onClick={[Function]}
    />
    <Image
      as="img"
      avatar={true}
      onClick={[Function]}
      ui={true}
    />
  </div>
</div>
`;
